Archive member included to satisfy reference by file (symbol)

C:/ST/STM32CubeIDE_1.18.1/STM32CubeIDE/plugins/com.st.stm32cube.ide.mcu.externaltools.gnu-tools-for-stm32.13.3.rel1.win32_1.0.0.202411081344/tools/bin/../lib/gcc/arm-none-eabi/13.3.1/../../../../arm-none-eabi/lib/thumb/v7e-m/nofp\libc_nano.a(libc_a-exit.o)
                              C:/ST/STM32CubeIDE_1.18.1/STM32CubeIDE/plugins/com.st.stm32cube.ide.mcu.externaltools.gnu-tools-for-stm32.13.3.rel1.win32_1.0.0.202411081344/tools/bin/../lib/gcc/arm-none-eabi/13.3.1/../../../../arm-none-eabi/lib/thumb/v7e-m/nofp/crt0.o (exit)
C:/ST/STM32CubeIDE_1.18.1/STM32CubeIDE/plugins/com.st.stm32cube.ide.mcu.externaltools.gnu-tools-for-stm32.13.3.rel1.win32_1.0.0.202411081344/tools/bin/../lib/gcc/arm-none-eabi/13.3.1/../../../../arm-none-eabi/lib/thumb/v7e-m/nofp\libc_nano.a(libc_a-findfp.o)
                              C:/ST/STM32CubeIDE_1.18.1/STM32CubeIDE/plugins/com.st.stm32cube.ide.mcu.externaltools.gnu-tools-for-stm32.13.3.rel1.win32_1.0.0.202411081344/tools/bin/../lib/gcc/arm-none-eabi/13.3.1/../../../../arm-none-eabi/lib/thumb/v7e-m/nofp\libc_nano.a(libc_a-exit.o) (__stdio_exit_handler)
C:/ST/STM32CubeIDE_1.18.1/STM32CubeIDE/plugins/com.st.stm32cube.ide.mcu.externaltools.gnu-tools-for-stm32.13.3.rel1.win32_1.0.0.202411081344/tools/bin/../lib/gcc/arm-none-eabi/13.3.1/../../../../arm-none-eabi/lib/thumb/v7e-m/nofp\libc_nano.a(libc_a-fwalk.o)
                              C:/ST/STM32CubeIDE_1.18.1/STM32CubeIDE/plugins/com.st.stm32cube.ide.mcu.externaltools.gnu-tools-for-stm32.13.3.rel1.win32_1.0.0.202411081344/tools/bin/../lib/gcc/arm-none-eabi/13.3.1/../../../../arm-none-eabi/lib/thumb/v7e-m/nofp\libc_nano.a(libc_a-findfp.o) (_fwalk_sglue)
C:/ST/STM32CubeIDE_1.18.1/STM32CubeIDE/plugins/com.st.stm32cube.ide.mcu.externaltools.gnu-tools-for-stm32.13.3.rel1.win32_1.0.0.202411081344/tools/bin/../lib/gcc/arm-none-eabi/13.3.1/../../../../arm-none-eabi/lib/thumb/v7e-m/nofp\libc_nano.a(libc_a-printf.o)
                              ./Src/006spi_receive_it.o (printf)
C:/ST/STM32CubeIDE_1.18.1/STM32CubeIDE/plugins/com.st.stm32cube.ide.mcu.externaltools.gnu-tools-for-stm32.13.3.rel1.win32_1.0.0.202411081344/tools/bin/../lib/gcc/arm-none-eabi/13.3.1/../../../../arm-none-eabi/lib/thumb/v7e-m/nofp\libc_nano.a(libc_a-stdio.o)
                              C:/ST/STM32CubeIDE_1.18.1/STM32CubeIDE/plugins/com.st.stm32cube.ide.mcu.externaltools.gnu-tools-for-stm32.13.3.rel1.win32_1.0.0.202411081344/tools/bin/../lib/gcc/arm-none-eabi/13.3.1/../../../../arm-none-eabi/lib/thumb/v7e-m/nofp\libc_nano.a(libc_a-findfp.o) (__sread)
C:/ST/STM32CubeIDE_1.18.1/STM32CubeIDE/plugins/com.st.stm32cube.ide.mcu.externaltools.gnu-tools-for-stm32.13.3.rel1.win32_1.0.0.202411081344/tools/bin/../lib/gcc/arm-none-eabi/13.3.1/../../../../arm-none-eabi/lib/thumb/v7e-m/nofp\libc_nano.a(libc_a-memset.o)
                              C:/ST/STM32CubeIDE_1.18.1/STM32CubeIDE/plugins/com.st.stm32cube.ide.mcu.externaltools.gnu-tools-for-stm32.13.3.rel1.win32_1.0.0.202411081344/tools/bin/../lib/gcc/arm-none-eabi/13.3.1/../../../../arm-none-eabi/lib/thumb/v7e-m/nofp/crt0.o (memset)
C:/ST/STM32CubeIDE_1.18.1/STM32CubeIDE/plugins/com.st.stm32cube.ide.mcu.externaltools.gnu-tools-for-stm32.13.3.rel1.win32_1.0.0.202411081344/tools/bin/../lib/gcc/arm-none-eabi/13.3.1/../../../../arm-none-eabi/lib/thumb/v7e-m/nofp\libc_nano.a(libc_a-closer.o)
                              C:/ST/STM32CubeIDE_1.18.1/STM32CubeIDE/plugins/com.st.stm32cube.ide.mcu.externaltools.gnu-tools-for-stm32.13.3.rel1.win32_1.0.0.202411081344/tools/bin/../lib/gcc/arm-none-eabi/13.3.1/../../../../arm-none-eabi/lib/thumb/v7e-m/nofp\libc_nano.a(libc_a-stdio.o) (_close_r)
C:/ST/STM32CubeIDE_1.18.1/STM32CubeIDE/plugins/com.st.stm32cube.ide.mcu.externaltools.gnu-tools-for-stm32.13.3.rel1.win32_1.0.0.202411081344/tools/bin/../lib/gcc/arm-none-eabi/13.3.1/../../../../arm-none-eabi/lib/thumb/v7e-m/nofp\libc_nano.a(libc_a-reent.o)
                              C:/ST/STM32CubeIDE_1.18.1/STM32CubeIDE/plugins/com.st.stm32cube.ide.mcu.externaltools.gnu-tools-for-stm32.13.3.rel1.win32_1.0.0.202411081344/tools/bin/../lib/gcc/arm-none-eabi/13.3.1/../../../../arm-none-eabi/lib/thumb/v7e-m/nofp\libc_nano.a(libc_a-closer.o) (errno)
C:/ST/STM32CubeIDE_1.18.1/STM32CubeIDE/plugins/com.st.stm32cube.ide.mcu.externaltools.gnu-tools-for-stm32.13.3.rel1.win32_1.0.0.202411081344/tools/bin/../lib/gcc/arm-none-eabi/13.3.1/../../../../arm-none-eabi/lib/thumb/v7e-m/nofp\libc_nano.a(libc_a-impure.o)
                              C:/ST/STM32CubeIDE_1.18.1/STM32CubeIDE/plugins/com.st.stm32cube.ide.mcu.externaltools.gnu-tools-for-stm32.13.3.rel1.win32_1.0.0.202411081344/tools/bin/../lib/gcc/arm-none-eabi/13.3.1/../../../../arm-none-eabi/lib/thumb/v7e-m/nofp\libc_nano.a(libc_a-printf.o) (_impure_ptr)
[...]
Memory Configuration

Name             Origin             Length             Attributes
RAM              0x20000000         0x00020000         xrw
FLASH            0x08000000         0x00080000         xr
*default*        0x00000000         0xffffffff

Linker script and memory map

LOAD C:/ST/STM32CubeIDE_1.18.1/STM32CubeIDE/plugins/com.st.stm32cube.ide.mcu.externaltools.gnu-tools-for-stm32.13.3.rel1.win32_1.0.0.202411081344/tools/bin/../lib/gcc/arm-none-eabi/13.3.1/thumb/v7e-m/nofp/crti.o
LOAD C:/ST/STM32CubeIDE_1.18.1/STM32CubeIDE/plugins/com.st.stm32cube.ide.mcu.externaltools.gnu-tools-for-stm32.13.3.rel1.win32_1.0.0.202411081344/tools/bin/../lib/gcc/arm-none-eabi/13.3.1/thumb/v7e-m/nofp/crtbegin.o
LOAD C:/ST/STM32CubeIDE_1.18.1/STM32CubeIDE/plugins/com.st.stm32cube.ide.mcu.externaltools.gnu-tools-for-stm32.13.3.rel1.win32_1.0.0.202411081344/tools/bin/../lib/gcc/arm-none-eabi/13.3.1/../../../../arm-none-eabi/lib/thumb/v7e-m/nofp/crt0.o
LOAD ./Src/004spi_tx_testing.o
LOAD ./Src/006spi_receive_it.o
LOAD ./Src/007i2c_master_tx.o
LOAD ./Src/syscalls.o
LOAD ./Src/sysmem.o
LOAD ./Startup/startup_stm32f446retx.o
LOAD ./drivers/src/stm32f446xx_gpio_driver.o
LOAD ./drivers/src/stm32f446xx_i2c_driver.o
LOAD ./drivers/src/stm32f446xx_spi_driver.o
START GROUP
LOAD C:/ST/STM32CubeIDE_1.18.1/STM32CubeIDE/plugins/com.st.stm32cube.ide.mcu.externaltools.gnu-tools-for-stm32.13.3.rel1.win32_1.0.0.202411081344/tools/bin/../lib/gcc/arm-none-eabi/13.3.1/../../../../arm-none-eabi/lib/thumb/v7e-m/nofp\libc_nano.a
LOAD C:/ST/STM32CubeIDE_1.18.1/STM32CubeIDE/plugins/com.st.stm32cube.ide.mcu.externaltools.gnu-tools-for-stm32.13.3.rel1.win32_1.0.0.202411081344/tools/bin/../lib/gcc/arm-none-eabi/13.3.1/../../../../arm-none-eabi/lib/thumb/v7e-m/nofp\libm.a
END GROUP
START GROUP
LOAD C:/ST/STM32CubeIDE_1.18.1/STM32CubeIDE/plugins/com.st.stm32cube.ide.mcu.externaltools.gnu-tools-for-stm32.13.3.rel1.win32_1.0.0.202411081344/tools/bin/../lib/gcc/arm-none-eabi/13.3.1/thumb/v7e-m/nofp\libgcc.a
LOAD C:/ST/STM32CubeIDE_1.18.1/STM32CubeIDE/plugins/com.st.stm32cube.ide.mcu.externaltools.gnu-tools-for-stm32.13.3.rel1.win32_1.0.0.202411081344/tools/bin/../lib/gcc/arm-none-eabi/13.3.1/../../../../arm-none-eabi/lib/thumb/v7e-m/nofp\libc_nano.a
END GROUP
START GROUP
LOAD C:/ST/STM32CubeIDE_1.18.1/STM32CubeIDE/plugins/com.st.stm32cube.ide.mcu.externaltools.gnu-tools-for-stm32.13.3.rel1.win32_1.0.0.202411081344/tools/bin/../lib/gcc/arm-none-eabi/13.3.1/thumb/v7e-m/nofp\libgcc.a
LOAD C:/ST/STM32CubeIDE_1.18.1/STM32CubeIDE/plugins/com.st.stm32cube.ide.mcu.externaltools.gnu-tools-for-stm32.13.3.rel1.win32_1.0.0.202411081344/tools/bin/../lib/gcc/arm-none-eabi/13.3.1/../../../../arm-none-eabi/lib/thumb/v7e-m/nofp\libc_nano.a
LOAD C:/ST/STM32CubeIDE_1.18.1/STM32CubeIDE/plugins/com.st.stm32cube.ide.mcu.externaltools.gnu-tools-for-stm32.13.3.rel1.win32_1.0.0.202411081344/tools/bin/../lib/gcc/arm-none-eabi/13.3.1/../../../../arm-none-eabi/lib/thumb/v7e-m/nofp\libnosys.a
END GROUP
START GROUP
LOAD C:/ST/STM32CubeIDE_1.18.1/STM32CubeIDE/plugins/com.st.stm32cube.ide.mcu.externaltools.gnu-tools-for-stm32.13.3.rel1.win32_1.0.0.202411081344/tools/bin/../lib/gcc/arm-none-eabi/13.3.1/thumb/v7e-m/nofp\libgcc.a
LOAD C:/ST/STM32CubeIDE_1.18.1/STM32CubeIDE/plugins/com.st.stm32cube.ide.mcu.externaltools.gnu-tools-for-stm32.13.3.rel1.win32_1.0.0.202411081344/tools/bin/../lib/gcc/arm-none-eabi/13.3.1/../../../../arm-none-eabi/lib/thumb/v7e-m/nofp\libc_nano.a
LOAD C:/ST/STM32CubeIDE_1.18.1/STM32CubeIDE/plugins/com.st.stm32cube.ide.mcu.externaltools.gnu-tools-for-stm32.13.3.rel1.win32_1.0.0.202411081344/tools/bin/../lib/gcc/arm-none-eabi/13.3.1/../../../../arm-none-eabi/lib/thumb/v7e-m/nofp\libnosys.a
END GROUP
LOAD C:/ST/STM32CubeIDE_1.18.1/STM32CubeIDE/plugins/com.st.stm32cube.ide.mcu.externaltools.gnu-tools-for-stm32.13.3.rel1.win32_1.0.0.202411081344/tools/bin/../lib/gcc/arm-none-eabi/13.3.1/thumb/v7e-m/nofp/crtend.o
LOAD C:/ST/STM32CubeIDE_1.18.1/STM32CubeIDE/plugins/com.st.stm32cube.ide.mcu.externaltools.gnu-tools-for-stm32.13.3.rel1.win32_1.0.0.202411081344/tools/bin/../lib/gcc/arm-none-eabi/13.3.1/thumb/v7e-m/nofp/crtn.o
                0x20020000                        _estack = (ORIGIN (RAM) + LENGTH (RAM))
                0x00000200                        _Min_Heap_Size = 0x200
                0x00000400                        _Min_Stack_Size = 0x400

.isr_vector     0x08000000      0x1c4
                0x08000000                        . = ALIGN (0x4)
 *(.isr_vector)
 .isr_vector    0x08000000      0x1c4 ./Startup/startup_stm32f446retx.o
                0x08000000                g_pfnVectors
                0x080001c4                        . = ALIGN (0x4)

.text           0x080001c4      0xc9c
                0x080001c4                        . = ALIGN (0x4)
 *(.text)
 .text          0x080001c4       0x40 C:/ST/STM32CubeIDE_1.18.1/STM32CubeIDE/plugins/com.st.stm32cube.ide.mcu.externaltools.gnu-tools-for-stm32.13.3.rel1.win32_1.0.0.202411081344/tools/bin/../lib/gcc/arm-none-eabi/13.3.1/thumb/v7e-m/nofp/crtbegin.o
 *(.text*)
 .text.SPI2_GPIOInits
                0x08000204       0x44 ./Src/004spi_tx_testing.o
                0x08000204                SPI2_GPIOInits
 .text.SPI2_Inits
                0x08000248       0x3c ./Src/004spi_tx_testing.o
                0x08000248                SPI2_Inits
 .text.main     0x08000284       0x54 ./Src/004spi_tx_testing.o
                0x08000284                main
 .text.EXTI9_5_IRQHandler
                0x080002d8       0x18 ./Src/006spi_receive_it.o
                0x080002d8                EXTI9_5_IRQHandler
 .text.SPI2_IRQHandler
                0x080002f0       0x14 ./Src/006spi_receive_it.o
                0x080002f0                SPI2_IRQHandler
 .text.SPI_ApplicationEventCallback
                0x08000304       0x6c ./Src/006spi_receive_it.o
                0x08000304                SPI_ApplicationEventCallback
 .text.Reset_Handler
                0x08000370       0x50 ./Startup/startup_stm32f446retx.o
                0x08000370                Reset_Handler
 .text.Default_Handler
                0x080003c0        0x2 ./Startup/startup_stm32f446retx.o
                0x080003c0                RTC_Alarm_IRQHandler
                0x080003c0                EXTI2_IRQHandler
                0x080003c0                TIM8_CC_IRQHandler
                0x080003c0                SPDIF_Rx_IRQHandler
                0x080003c0                DebugMon_Handler
                0x080003c0                SPI4_IRQHandler
                0x080003c0                TIM1_CC_IRQHandler
                0x080003c0                QuadSPI_IRQHandler
                0x080003c0                DMA2_Stream5_IRQHandler
                0x080003c0                HardFault_Handler
                0x080003c0                DMA1_Stream5_IRQHandler
                0x080003c0                SysTick_Handler
                0x080003c0                PVD_IRQHandler
                0x080003c0                SDIO_IRQHandler
                0x080003c0                TAMP_STAMP_IRQHandler
                0x080003c0                PendSV_Handler
                0x080003c0                NMI_Handler
                0x080003c0                CAN2_RX1_IRQHandler
                0x080003c0                EXTI3_IRQHandler
                0x080003c0                TIM8_TRG_COM_TIM14_IRQHandler
                0x080003c0                TIM1_UP_TIM10_IRQHandler
                0x080003c0                FMPI2C1_error_IRQHandler
                0x080003c0                TIM8_UP_TIM13_IRQHandler
                0x080003c0                I2C3_ER_IRQHandler
                0x080003c0                EXTI0_IRQHandler
                0x080003c0                I2C2_EV_IRQHandler
                0x080003c0                DMA1_Stream2_IRQHandler
                0x080003c0                CAN1_RX0_IRQHandler
                0x080003c0                OTG_HS_WKUP_IRQHandler
                0x080003c0                UsageFault_Handler
                0x080003c0                CAN2_SCE_IRQHandler
                0x080003c0                DMA2_Stream2_IRQHandler
                0x080003c0                SPI1_IRQHandler
                0x080003c0                TIM6_DAC_IRQHandler
                0x080003c0                TIM1_BRK_TIM9_IRQHandler
                0x080003c0                DCMI_IRQHandler
                0x080003c0                CAN2_RX0_IRQHandler
                0x080003c0                DMA2_Stream3_IRQHandler
                0x080003c0                FMPI2C1_IRQHandler
                0x080003c0                SAI2_IRQHandler
                0x080003c0                USART6_IRQHandler
                0x080003c0                USART3_IRQHandler
                0x080003c0                CAN1_RX1_IRQHandler
                0x080003c0                UART5_IRQHandler
                0x080003c0                DMA2_Stream0_IRQHandler
                0x080003c0                TIM4_IRQHandler
                0x080003c0                I2C1_EV_IRQHandler
                0x080003c0                HDMI_CEC_IRQHandler
                0x080003c0                DMA1_Stream6_IRQHandler
                0x080003c0                DMA1_Stream1_IRQHandler
                0x080003c0                UART4_IRQHandler
                0x080003c0                TIM3_IRQHandler
                0x080003c0                RCC_IRQHandler
                0x080003c0                TIM8_BRK_TIM12_IRQHandler
                0x080003c0                Default_Handler
                0x080003c0                EXTI15_10_IRQHandler
                0x080003c0                ADC_IRQHandler
                0x080003c0                DMA1_Stream7_IRQHandler
                0x080003c0                TIM7_IRQHandler
                0x080003c0                CAN2_TX_IRQHandler
                0x080003c0                TIM5_IRQHandler
                0x080003c0                DMA2_Stream7_IRQHandler
                0x080003c0                I2C3_EV_IRQHandler
                0x080003c0                RTC_WKUP_IRQHandler
                0x080003c0                OTG_HS_EP1_IN_IRQHandler
                0x080003c0                MemManage_Handler
                0x080003c0                DMA1_Stream0_IRQHandler
                0x080003c0                CAN1_TX_IRQHandler
                0x080003c0                SVC_Handler
                0x080003c0                EXTI4_IRQHandler
                0x080003c0                OTG_HS_EP1_OUT_IRQHandler
                0x080003c0                WWDG_IRQHandler
                0x080003c0                TIM2_IRQHandler
                0x080003c0                OTG_FS_WKUP_IRQHandler
                0x080003c0                TIM1_TRG_COM_TIM11_IRQHandler
                0x080003c0                OTG_HS_IRQHandler
                0x080003c0                EXTI1_IRQHandler
                0x080003c0                USART2_IRQHandler
                0x080003c0                I2C2_ER_IRQHandler
                0x080003c0                DMA2_Stream1_IRQHandler
                0x080003c0                CAN1_SCE_IRQHandler
                0x080003c0                FLASH_IRQHandler
                0x080003c0                DMA2_Stream4_IRQHandler
                0x080003c0                BusFault_Handler
                0x080003c0                USART1_IRQHandler
                0x080003c0                OTG_FS_IRQHandler
                0x080003c0                SPI3_IRQHandler
                0x080003c0                DMA1_Stream4_IRQHandler
                0x080003c0                I2C1_ER_IRQHandler
                0x080003c0                FMC_IRQHandler
                0x080003c0                DMA2_Stream6_IRQHandler
                0x080003c0                SAI1_IRQHandler
                0x080003c0                DMA1_Stream3_IRQHandler
 *fill*         0x080003c2        0x2 
 .text.GPIO_PeriClockControl
                0x080003c4      0x1a0 ./drivers/src/stm32f446xx_gpio_driver.o
                0x080003c4                GPIO_PeriClockControl
 .text.GPIO_Init
                0x08000564      0x374 ./drivers/src/stm32f446xx_gpio_driver.o
                0x08000564                GPIO_Init
 .text.GPIO_IRQHandling
                0x080008d8       0x40 ./drivers/src/stm32f446xx_gpio_driver.o
                0x080008d8                GPIO_IRQHandling
 .text.SPI_PeriClockControl
                0x08000918       0xe0 ./drivers/src/stm32f446xx_spi_driver.o
                0x08000918                SPI_PeriClockControl
 .text.SPI_Init
                0x080009f8       0xa8 ./drivers/src/stm32f446xx_spi_driver.o
                0x080009f8                SPI_Init
 .text.SPI_GetFlagStatus
                0x08000aa0       0x28 ./drivers/src/stm32f446xx_spi_driver.o
                0x08000aa0                SPI_GetFlagStatus
 .text.SPI_PeripheralControl
                0x08000ac8       0x36 ./drivers/src/stm32f446xx_spi_driver.o
                0x08000ac8                SPI_PeripheralControl
 .text.SPI_SSIControl
                0x08000afe       0x36 ./drivers/src/stm32f446xx_spi_driver.o
                0x08000afe                SPI_SSIControl
 .text.SPI_SendData
                0x08000b34       0x6e ./drivers/src/stm32f446xx_spi_driver.o
                0x08000b34                SPI_SendData
 .text.SPI_IRQHandling
                0x08000ba2       0x9a ./drivers/src/stm32f446xx_spi_driver.o
                0x08000ba2                SPI_IRQHandling
 .text.SPI_CloseTransmission
                0x08000c3c       0x34 ./drivers/src/stm32f446xx_spi_driver.o
                0x08000c3c                SPI_CloseTransmission
 .text.SPI_CloseReception
                0x08000c70       0x34 ./drivers/src/stm32f446xx_spi_driver.o
                0x08000c70                SPI_CloseReception
 .text.SPI_ClearOVRFlag
                0x08000ca4       0x2a ./drivers/src/stm32f446xx_spi_driver.o
                0x08000ca4                SPI_ClearOVRFlag
 .text.SPI_TXE_InterruptHandle
                0x08000cce       0x88 ./drivers/src/stm32f446xx_spi_driver.o
 .text.SPI_RXNE_InterruptHandle
                0x08000d56       0x8c ./drivers/src/stm32f446xx_spi_driver.o
 .text.SPI_OVR_InterruptHandle
                0x08000de2       0x1e ./drivers/src/stm32f446xx_spi_driver.o
 .text.__libc_init_array
                0x08000e00       0x48 C:/ST/STM32CubeIDE_1.18.1/STM32CubeIDE/plugins/com.st.stm32cube.ide.mcu.externaltools.gnu-tools-for-stm32.13.3.rel1.win32_1.0.0.202411081344/tools/bin/../lib/gcc/arm-none-eabi/13.3.1/../../../../arm-none-eabi/lib/thumb/v7e-m/nofp\libc_nano.a(libc_a-init.o)
                0x08000e00                __libc_init_array
 *(.glue_7)
 .glue_7        0x08000e48        0x0 linker stubs
 *(.glue_7t)
 .glue_7t       0x08000e48        0x0 linker stubs
 *(.eh_frame)
 .eh_frame      0x08000e48        0x0 C:/ST/STM32CubeIDE_1.18.1/STM32CubeIDE/plugins/com.st.stm32cube.ide.mcu.externaltools.gnu-tools-for-stm32.13.3.rel1.win32_1.0.0.202411081344/tools/bin/../lib/gcc/arm-none-eabi/13.3.1/thumb/v7e-m/nofp/crtbegin.o
 *(.init)
 .init          0x08000e48        0x4 C:/ST/STM32CubeIDE_1.18.1/STM32CubeIDE/plugins/com.st.stm32cube.ide.mcu.externaltools.gnu-tools-for-stm32.13.3.rel1.win32_1.0.0.202411081344/tools/bin/../lib/gcc/arm-none-eabi/13.3.1/thumb/v7e-m/nofp/crti.o
                0x08000e48                _init
 .init          0x08000e4c        0x8 C:/ST/STM32CubeIDE_1.18.1/STM32CubeIDE/plugins/com.st.stm32cube.ide.mcu.externaltools.gnu-tools-for-stm32.13.3.rel1.win32_1.0.0.202411081344/tools/bin/../lib/gcc/arm-none-eabi/13.3.1/thumb/v7e-m/nofp/crtn.o
 *(.fini)
 .fini          0x08000e54        0x4 C:/ST/STM32CubeIDE_1.18.1/STM32CubeIDE/plugins/com.st.stm32cube.ide.mcu.externaltools.gnu-tools-for-stm32.13.3.rel1.win32_1.0.0.202411081344/tools/bin/../lib/gcc/arm-none-eabi/13.3.1/thumb/v7e-m/nofp/crti.o
                0x08000e54                _fini
 .fini          0x08000e58        0x8 C:/ST/STM32CubeIDE_1.18.1/STM32CubeIDE/plugins/com.st.stm32cube.ide.mcu.externaltools.gnu-tools-for-stm32.13.3.rel1.win32_1.0.0.202411081344/tools/bin/../lib/gcc/arm-none-eabi/13.3.1/thumb/v7e-m/nofp/crtn.o
                0x08000e60                        . = ALIGN (0x4)
                0x08000e60                        _etext = .

.vfp11_veneer   0x08000e60        0x0
 .vfp11_veneer  0x08000e60        0x0 linker stubs

.v4_bx          0x08000e60        0x0
 .v4_bx         0x08000e60        0x0 linker stubs

.iplt           0x08000e60        0x0
 .iplt          0x08000e60        0x0 C:/ST/STM32CubeIDE_1.18.1/STM32CubeIDE/plugins/com.st.stm32cube.ide.mcu.externaltools.gnu-tools-for-stm32.13.3.rel1.win32_1.0.0.202411081344/tools/bin/../lib/gcc/arm-none-eabi/13.3.1/thumb/v7e-m/nofp/crtbegin.o

.rodata         0x08000e60        0x0
                0x08000e60                        . = ALIGN (0x4)
 *(.rodata)
 *(.rodata*)
                0x08000e60                        . = ALIGN (0x4)

.ARM.extab      0x08000e60        0x0
                0x08000e60                        . = ALIGN (0x4)
 *(.ARM.extab* .gnu.linkonce.armextab.*)
                0x08000e60                        . = ALIGN (0x4)

.ARM            0x08000e60        0x0
                0x08000e60                        . = ALIGN (0x4)
                0x08000e60                        __exidx_start = .
 *(.ARM.exidx*)
                0x08000e60                        __exidx_end = .
                0x08000e60                        . = ALIGN (0x4)

.preinit_array  0x08000e60        0x0
                0x08000e60                        . = ALIGN (0x4)
                0x08000e60                        PROVIDE (__preinit_array_start = .)
 *(.preinit_array*)
                0x08000e60                        PROVIDE (__preinit_array_end = .)
                0x08000e60                        . = ALIGN (0x4)

.init_array     0x08000e60        0x4
                0x08000e60                        . = ALIGN (0x4)
                0x08000e60                        PROVIDE (__init_array_start = .)
 *(SORT_BY_NAME(.init_array.*))
 *(.init_array*)
 .init_array    0x08000e60        0x4 C:/ST/STM32CubeIDE_1.18.1/STM32CubeIDE/plugins/com.st.stm32cube.ide.mcu.externaltools.gnu-tools-for-stm32.13.3.rel1.win32_1.0.0.202411081344/tools/bin/../lib/gcc/arm-none-eabi/13.3.1/thumb/v7e-m/nofp/crtbegin.o
                0x08000e64                        PROVIDE (__init_array_end = .)
                0x08000e64                        . = ALIGN (0x4)

.fini_array     0x08000e64        0x4
                0x08000e64                        . = ALIGN (0x4)
                [!provide]                        PROVIDE (__fini_array_start = .)
 *(SORT_BY_NAME(.fini_array.*))
 *(.fini_array*)
 .fini_array    0x08000e64        0x4 C:/ST/STM32CubeIDE_1.18.1/STM32CubeIDE/plugins/com.st.stm32cube.ide.mcu.externaltools.gnu-tools-for-stm32.13.3.rel1.win32_1.0.0.202411081344/tools/bin/../lib/gcc/arm-none-eabi/13.3.1/thumb/v7e-m/nofp/crtbegin.o
                [!provide]                        PROVIDE (__fini_array_end = .)
                0x08000e68                        . = ALIGN (0x4)
                0x08000e68                        _sidata = LOADADDR (.data)

.rel.dyn        0x08000e68        0x0
 .rel.iplt      0x08000e68        0x0 C:/ST/STM32CubeIDE_1.18.1/STM32CubeIDE/plugins/com.st.stm32cube.ide.mcu.externaltools.gnu-tools-for-stm32.13.3.rel1.win32_1.0.0.202411081344/tools/bin/../lib/gcc/arm-none-eabi/13.3.1/thumb/v7e-m/nofp/crtbegin.o

.data           0x20000000        0x0 load address 0x08000e68
                0x20000000                        . = ALIGN (0x4)
                0x20000000                        _sdata = .
 *(.data)
 *(.data*)
 *(.RamFunc)
 *(.RamFunc*)
                0x20000000                        . = ALIGN (0x4)
                0x20000000                        _edata = .

.igot.plt       0x20000000        0x0 load address 0x08000e68
 .igot.plt      0x20000000        0x0 C:/ST/STM32CubeIDE_1.18.1/STM32CubeIDE/plugins/com.st.stm32cube.ide.mcu.externaltools.gnu-tools-for-stm32.13.3.rel1.win32_1.0.0.202411081344/tools/bin/../lib/gcc/arm-none-eabi/13.3.1/thumb/v7e-m/nofp/crtbegin.o
                0x20000000                        . = ALIGN (0x4)

.bss            0x20000000       0xa4 load address 0x08000e68
                0x20000000                        _sbss = .
                0x20000000                        __bss_start__ = _sbss
 *(.bss)
 .bss           0x20000000       0x1c C:/ST/STM32CubeIDE_1.18.1/STM32CubeIDE/plugins/com.st.stm32cube.ide.mcu.externaltools.gnu-tools-for-stm32.13.3.rel1.win32_1.0.0.202411081344/tools/bin/../lib/gcc/arm-none-eabi/13.3.1/thumb/v7e-m/nofp/crtbegin.o
 *(.bss*)
 .bss.SPI2Handle
                0x2000001c       0x20 ./Src/006spi_receive_it.o
                0x2000001c                SPI2Handle
 .bss.rcvBuff   0x2000003c       0x64 ./Src/006spi_receive_it.o
                0x2000003c                rcvBuff
 .bss.dataAvailable
                0x200000a0        0x1 ./Src/006spi_receive_it.o
                0x200000a0                dataAvailable
 .bss.rcvStop   0x200000a1        0x1 ./Src/006spi_receive_it.o
                0x200000a1                rcvStop
 .bss.readByte  0x200000a2        0x1 ./Src/006spi_receive_it.o
                0x200000a2                readByte
 .bss.i.0       0x200000a3        0x1 ./Src/006spi_receive_it.o
 *(COMMON)
                0x200000a4                        . = ALIGN (0x4)
                0x200000a4                        _ebss = .
                0x200000a4                        __bss_end__ = _ebss

._user_heap_stack
                0x200000a4      0x604 load address 0x08000e68
                0x200000a8                        . = ALIGN (0x8)
 *fill*         0x200000a4        0x4 
                [!provide]                        PROVIDE (end = .)
                0x200000a8                        PROVIDE (_end = .)
                0x200002a8                        . = (. + _Min_Heap_Size)
 *fill*         0x200000a8      0x200 
                0x200006a8                        . = (. + _Min_Stack_Size)
 *fill*         0x200002a8      0x400 
                0x200006a8                        . = ALIGN (0x8)

/DISCARD/
 libc.a(*)
 libm.a(*)
 libgcc.a(*)

.ARM.attributes
                0x00000000       0x2a
 *(.ARM.attributes)
 .ARM.attributes
                0x00000000       0x1e C:/ST/STM32CubeIDE_1.18.1/STM32CubeIDE/plugins/com.st.stm32cube.ide.mcu.externaltools.gnu-tools-for-stm32.13.3.rel1.win32_1.0.0.202411081344/tools/bin/../lib/gcc/arm-none-eabi/13.3.1/thumb/v7e-m/nofp/crti.o
 .ARM.attributes
                0x0000001e       0x2e C:/ST/STM32CubeIDE_1.18.1/STM32CubeIDE/plugins/com.st.stm32cube.ide.mcu.externaltools.gnu-tools-for-stm32.13.3.rel1.win32_1.0.0.202411081344/tools/bin/../lib/gcc/arm-none-eabi/13.3.1/thumb/v7e-m/nofp/crtbegin.o
 .ARM.attributes
                0x0000004c       0x2e ./Src/004spi_tx_testing.o
 .ARM.attributes
                0x0000007a       0x2e ./Src/006spi_receive_it.o
 .ARM.attributes
                0x000000a8       0x21 ./Startup/startup_stm32f446retx.o
 .ARM.attributes
                0x000000c9       0x2e ./drivers/src/stm32f446xx_gpio_driver.o
 .ARM.attributes
                0x000000f7       0x2e ./drivers/src/stm32f446xx_spi_driver.o
 .ARM.attributes
                0x00000125       0x2e C:/ST/STM32CubeIDE_1.18.1/STM32CubeIDE/plugins/com.st.stm32cube.ide.mcu.externaltools.gnu-tools-for-stm32.13.3.rel1.win32_1.0.0.202411081344/tools/bin/../lib/gcc/arm-none-eabi/13.3.1/../../../../arm-none-eabi/lib/thumb/v7e-m/nofp\libc_nano.a(libc_a-init.o)
 .ARM.attributes
                0x00000153       0x1e C:/ST/STM32CubeIDE_1.18.1/STM32CubeIDE/plugins/com.st.stm32cube.ide.mcu.externaltools.gnu-tools-for-stm32.13.3.rel1.win32_1.0.0.202411081344/tools/bin/../lib/gcc/arm-none-eabi/13.3.1/thumb/v7e-m/nofp/crtn.o
OUTPUT(stm32f4_drivers.elf elf32-littlearm)
LOAD linker stubs
LOAD C:/ST/STM32CubeIDE_1.18.1/STM32CubeIDE/plugins/com.st.stm32cube.ide.mcu.externaltools.gnu-tools-for-stm32.13.3.rel1.win32_1.0.0.202411081344/tools/bin/../lib/gcc/arm-none-eabi/13.3.1/../../../../arm-none-eabi/lib/thumb/v7e-m/nofp\libc.a
LOAD C:/ST/STM32CubeIDE_1.18.1/STM32CubeIDE/plugins/com.st.stm32cube.ide.mcu.externaltools.gnu-tools-for-stm32.13.3.rel1.win32_1.0.0.202411081344/tools/bin/../lib/gcc/arm-none-eabi/13.3.1/../../../../arm-none-eabi/lib/thumb/v7e-m/nofp\libm.a
LOAD C:/ST/STM32CubeIDE_1.18.1/STM32CubeIDE/plugins/com.st.stm32cube.ide.mcu.externaltools.gnu-tools-for-stm32.13.3.rel1.win32_1.0.0.202411081344/tools/bin/../lib/gcc/arm-none-eabi/13.3.1/thumb/v7e-m/nofp\libgcc.a

.debug_info     0x00000000     0x1b5d
 .debug_info    0x00000000      0x45e ./Src/004spi_tx_testing.o
 .debug_info    0x0000045e      0x694 ./Src/006spi_receive_it.o
 .debug_info    0x00000af2       0x30 ./Startup/startup_stm32f446retx.o
 .debug_info    0x00000b22      0x77f ./drivers/src/stm32f446xx_gpio_driver.o
 .debug_info    0x000012a1      0x8bc ./drivers/src/stm32f446xx_spi_driver.o

.debug_abbrev   0x00000000      0x63f
 .debug_abbrev  0x00000000      0x127 ./Src/004spi_tx_testing.o
 .debug_abbrev  0x00000127      0x1b2 ./Src/006spi_receive_it.o
 .debug_abbrev  0x000002d9       0x24 ./Startup/startup_stm32f446retx.o
 .debug_abbrev  0x000002fd      0x177 ./drivers/src/stm32f446xx_gpio_driver.o
 .debug_abbrev  0x00000474      0x1cb ./drivers/src/stm32f446xx_spi_driver.o

.debug_aranges  0x00000000      0x1e8
 .debug_aranges
                0x00000000       0x30 ./Src/004spi_tx_testing.o
 .debug_aranges
                0x00000030       0x60 ./Src/006spi_receive_it.o
 .debug_aranges
                0x00000090       0x28 ./Startup/startup_stm32f446retx.o
 .debug_aranges
                0x000000b8       0x70 ./drivers/src/stm32f446xx_gpio_driver.o
 .debug_aranges
                0x00000128       0xc0 ./drivers/src/stm32f446xx_spi_driver.o

.debug_rnglists
                0x00000000      0x16e
 .debug_rnglists
                0x00000000       0x1f ./Src/004spi_tx_testing.o
 .debug_rnglists
                0x0000001f       0x44 ./Src/006spi_receive_it.o
 .debug_rnglists
                0x00000063       0x19 ./Startup/startup_stm32f446retx.o
 .debug_rnglists
                0x0000007c       0x60 ./drivers/src/stm32f446xx_gpio_driver.o
 .debug_rnglists
                0x000000dc       0x92 ./drivers/src/stm32f446xx_spi_driver.o

.debug_line     0x00000000     0x1b01
 .debug_line    0x00000000      0x32c ./Src/004spi_tx_testing.o
 .debug_line    0x0000032c      0x616 ./Src/006spi_receive_it.o
 .debug_line    0x00000942       0x7b ./Startup/startup_stm32f446retx.o
 .debug_line    0x000009bd      0x8b5 ./drivers/src/stm32f446xx_gpio_driver.o
 .debug_line    0x00001272      0x88f ./drivers/src/stm32f446xx_spi_driver.o

.debug_str      0x00000000      0x958
 .debug_str     0x00000000      0x958 ./Src/004spi_tx_testing.o
                                0x3f5 (size before relaxing)
 .debug_str     0x00000958      0x57a ./Src/006spi_receive_it.o
 .debug_str     0x00000958       0x76 ./Startup/startup_stm32f446retx.o
 .debug_str     0x00000958      0x582 ./drivers/src/stm32f446xx_gpio_driver.o
 .debug_str     0x00000958      0x621 ./drivers/src/stm32f446xx_spi_driver.o

.comment        0x00000000       0x43
 .comment       0x00000000       0x43 ./Src/004spi_tx_testing.o
                                 0x44 (size before relaxing)
 .comment       0x00000043       0x44 ./Src/006spi_receive_it.o
 .comment       0x00000043       0x44 ./drivers/src/stm32f446xx_gpio_driver.o
 .comment       0x00000043       0x44 ./drivers/src/stm32f446xx_spi_driver.o

.debug_frame    0x00000000      0x6dc
 .debug_frame   0x00000000       0x78 ./Src/004spi_tx_testing.o
 .debug_frame   0x00000078      0x134 ./Src/006spi_receive_it.o
 .debug_frame   0x000001ac      0x1c8 ./drivers/src/stm32f446xx_gpio_driver.o
 .debug_frame   0x00000374      0x33c ./drivers/src/stm32f446xx_spi_driver.o
 .debug_frame   0x000006b0       0x2c C:/ST/STM32CubeIDE_1.18.1/STM32CubeIDE/plugins/com.st.stm32cube.ide.mcu.externaltools.gnu-tools-for-stm32.13.3.rel1.win32_1.0.0.202411081344/tools/bin/../lib/gcc/arm-none-eabi/13.3.1/../../../../arm-none-eabi/lib/thumb/v7e-m/nofp\libc_nano.a(libc_a-init.o)

.debug_line_str
                0x00000000       0x5a
 .debug_line_str
                0x00000000       0x5a ./Startup/startup_stm32f446retx.o
