../Src/011i2c_master_rx_IT.c:48:6:delay	16	static
../Src/011i2c_master_rx_IT.c:57:6:I2C1_GPIOInits	24	static
../Src/011i2c_master_rx_IT.c:84:6:I2C1_Inits	8	static
../Src/011i2c_master_rx_IT.c:100:6:GPIO_Button_Inits	24	static
../Src/011i2c_master_rx_IT.c:118:6:WAIT_ForButtonPress	8	static
../Src/011i2c_master_rx_IT.c:127:5:main	16	static
../Src/011i2c_master_rx_IT.c:185:6:I2C1_EV_IRQHandler	8	static
../Src/011i2c_master_rx_IT.c:193:6:I2C1_ER_IRQHandler	8	static
../Src/011i2c_master_rx_IT.c:199:6:I2C_ApplicationEventCallback	16	static
