../drivers/src/stm32f446xx_rtc_driver.c:50:10:RTC_GetFlagStatus	16	static
../drivers/src/stm32f446xx_rtc_driver.c:74:6:RTC_WUTControl	16	static
../drivers/src/stm32f446xx_rtc_driver.c:108:6:RTC_WUTConfig	24	static
../drivers/src/stm32f446xx_rtc_driver.c:188:6:RTC_GetTimeDate	24	static
../drivers/src/stm32f446xx_rtc_driver.c:256:6:RTC_Init	16	static
../drivers/src/stm32f446xx_rtc_driver.c:322:13:RTC_EnterCalendrInitMode	4	static
../drivers/src/stm32f446xx_rtc_driver.c:337:13:RTC_ExitCalendrInitMode	4	static
../drivers/src/stm32f446xx_rtc_driver.c:350:13:RTC_SetTimeDate	24	static
../drivers/src/stm32f446xx_rtc_driver.c:385:13:BackupDomain_Unlock	4	static
../drivers/src/stm32f446xx_rtc_driver.c:402:13:BackupDomain_Lock	4	static
../drivers/src/stm32f446xx_rtc_driver.c:415:13:RTC_Unlock	4	static
../drivers/src/stm32f446xx_rtc_driver.c:427:13:RTC_Lock	4	static
../drivers/src/stm32f446xx_rtc_driver.c:438:13:RTC_ClkConfig	24	static
../drivers/src/stm32f446xx_rtc_driver.c:510:6:RTC_IRQInterruptConfig	16	static
../drivers/src/stm32f446xx_rtc_driver.c:567:6:RTC_IRQPriorityConfig	24	static
../drivers/src/stm32f446xx_rtc_driver.c:592:6:RTC_WUTIRQHandling	8	static
../drivers/src/stm32f446xx_rtc_driver.c:619:13:RTC_ApplicationEventCallback	16	static
