../drivers/src/stm32f446xx_usart_driver.c:40:6:USART_PeriClockControl	16	static
../drivers/src/stm32f446xx_usart_driver.c:80:6:USART_Init	24	static
../drivers/src/stm32f446xx_usart_driver.c:195:6:USART_DeInit	16	static
../drivers/src/stm32f446xx_usart_driver.c:218:9:USART_GetFlagStatus	16	static
../drivers/src/stm32f446xx_usart_driver.c:239:6:USART_ClearFlagStatus	16	static
../drivers/src/stm32f446xx_usart_driver.c:260:6:USART_PeripheralControl	16	static
../drivers/src/stm32f446xx_usart_driver.c:288:6:USART_EnableDisableInterrupt	16	static
../drivers/src/stm32f446xx_usart_driver.c:312:6:USART_SetBaudRate	40	static
../drivers/src/stm32f446xx_usart_driver.c:402:6:USART_CloseSendData	16	static
../drivers/src/stm32f446xx_usart_driver.c:425:6:USART_CloseReceiveData	16	static
../drivers/src/stm32f446xx_usart_driver.c:446:6:USART_SendData	32	static
../drivers/src/stm32f446xx_usart_driver.c:511:6:USART_ReceiveData	32	static
../drivers/src/stm32f446xx_usart_driver.c:597:10:USART_SendDataIT	32	static
../drivers/src/stm32f446xx_usart_driver.c:631:9:USART_ReceiveDataIT	32	static
../drivers/src/stm32f446xx_usart_driver.c:677:13:USART_HandleRXNEInterrupt	16	static
../drivers/src/stm32f446xx_usart_driver.c:697:13:USART_HandleTXEInterrupt	16	static
../drivers/src/stm32f446xx_usart_driver.c:727:6:USART_IRQInterruptConfig	16	static
../drivers/src/stm32f446xx_usart_driver.c:784:6:USART_IRQPriorityConfig	24	static
../drivers/src/stm32f446xx_usart_driver.c:811:6:USART_IRQHandling	16	static
../drivers/src/stm32f446xx_usart_driver.c:824:13:USART_ApplicationEventCallback	16	static
