../drivers/src/stm32f446xx_usart_driver.c:40:6:USART_PeriClockControl	16	static
../drivers/src/stm32f446xx_usart_driver.c:80:6:USART_Init	24	static
../drivers/src/stm32f446xx_usart_driver.c:195:6:USART_DeInit	16	static
../drivers/src/stm32f446xx_usart_driver.c:218:9:USART_GetFlagStatus	16	static
../drivers/src/stm32f446xx_usart_driver.c:239:6:USART_ClearFlagStatus	16	static
../drivers/src/stm32f446xx_usart_driver.c:260:6:USART_PeripheralControl	16	static
../drivers/src/stm32f446xx_usart_driver.c:288:6:USART_EnableDisableInterrupt	16	static
../drivers/src/stm32f446xx_usart_driver.c:312:6:USART_SetBaudRate	40	static
../drivers/src/stm32f446xx_usart_driver.c:402:6:USART_CloseSendData	16	static
../drivers/src/stm32f446xx_usart_driver.c:425:6:USART_CloseReceiveData	16	static
../drivers/src/stm32f446xx_usart_driver.c:446:6:USART_SendData	32	static
../drivers/src/stm32f446xx_usart_driver.c:511:6:USART_ReceiveData	32	static
../drivers/src/stm32f446xx_usart_driver.c:597:10:USART_SendDataIT	32	static
../drivers/src/stm32f446xx_usart_driver.c:635:9:USART_ReceiveDataIT	32	static
../drivers/src/stm32f446xx_usart_driver.c:681:13:USART_HandleRXNEInterrupt	24	static
../drivers/src/stm32f446xx_usart_driver.c:786:13:USART_HandleTXEInterrupt	24	static
../drivers/src/stm32f446xx_usart_driver.c:878:6:USART_IRQInterruptConfig	16	static
../drivers/src/stm32f446xx_usart_driver.c:935:6:USART_IRQPriorityConfig	24	static
../drivers/src/stm32f446xx_usart_driver.c:962:6:USART_IRQHandling	32	static
../drivers/src/stm32f446xx_usart_driver.c:1144:13:USART_ApplicationEventCallback	16	static
