../Src/006spi_receive_it.c:39:6:delay	16	static
../Src/006spi_receive_it.c:48:6:SPI2_GPIOInits	24	static
../Src/006spi_receive_it.c:81:6:SPI2_Inits	8	static
../Src/006spi_receive_it.c:104:6:Slave_GPIO_InterruptPin_Inits	24	static
../Src/006spi_receive_it.c:128:6:SPI2_ReceivePrep	8	static
../Src/006spi_receive_it.c:147:5:main	8	static
../Src/006spi_receive_it.c:214:6:EXTI9_5_IRQHandler	8	static
../Src/006spi_receive_it.c:221:6:SPI2_IRQHandler	8	static
../Src/006spi_receive_it.c:230:6:SPI_ApplicationEventCallback	16	static
